// Jest Snapshot v1, https://goo.gl/fbAQLP

exports[`RandMContainer renders a list of characters to the page 1`] = `
<ul
  aria-label="characters"
/>
`;
